---
source: tests/test_check_insta.rs
expression: "&aggr_str"
---
<div role="row" id="line-NORM" class="source-line-with-number">
  <div role="cell"></div>
  <div role="cell"></div>
  <div role="cell" class="line-number" data-line-number="NORM"></div>
  <code role="cell" class="source-line"><span class="syn_reserved" >pub</span> <span class="syn_reserved" >struct</span> <span data-symbols="alloc::collections::btree::map::BTreeMap" data-i="NORM">BTreeMap</span>&lt;K, V> {
</code>
</div>

